<html>
<body>
<pre>
<h1>µVision Build Log</h1>
<h2>Tool Versions:</h2>
IDE-Version: µVision V5.36.0.0
Copyright (C) 2021 ARM Ltd and ARM Germany GmbH. All rights reserved.
License Information: Michael Gostev, KBAH, LIC=8MZI6-DAKZZ-F1VPT-RD7BS-XSR4A-DHYDS
 
Tool Versions:
Toolchain:       MDK-ARM Professional  Version: 5.36.0.0
Toolchain Path:  C:\Keil_v5\ARM\ARMCLANG\Bin
C Compiler:      ArmClang.exe V6.16
Assembler:       Armasm.exe V6.16
Linker/Locator:  ArmLink.exe V6.16
Library Manager: ArmAr.exe V6.16
Hex Converter:   FromElf.exe V6.16
CPU DLL:         SARMCM3.DLL V5.36.0.0
Dialog DLL:      DCM.DLL V1.17.3.0
Target DLL:      STLink\ST-LINKIII-KEIL_SWO.dll V3.0.9.0
Dialog DLL:      TCM.DLL V1.53.0.0
 
<h2>Project:</h2>
C:\Users\prizr\Documents\GitHub\p2pServer-SAS\MDK-ARM\p2pServer-SAS.uvprojx
Project File Date:  10/11/2021

<h2>Output:</h2>
*** Using Compiler 'V6.16', folder: 'C:\Keil_v5\ARM\ARMCLANG\Bin'
Build target 'p2pServer-SAS'
assembling startup_stm32wb55xx_cm4.s...
compiling app_debug.c...
compiling p2p_server_app.c...
compiling stm32_lpm_if.c...
compiling stm32wbxx_it.c...
compiling hw_ipcc.c...
compiling stm32wbxx_hal_msp.c...
compiling main.c...
compiling app_entry.c...
compiling app_ble.c...
compiling hw_timerserver.c...
compiling stm32wbxx_hal_adc.c...
compiling stm32wbxx_hal_gpio.c...
compiling stm32wbxx_hal_flash.c...
compiling stm32wbxx_hal_hsem.c...
compiling stm32wbxx_hal_flash_ex.c...
compiling stm32wbxx_hal_adc_ex.c...
compiling stm32wbxx_hal_dma_ex.c...
compiling stm32wbxx_hal_dma.c...
compiling stm32wbxx_hal_rcc.c...
compiling stm32wbxx_hal_pwr.c...
compiling stm32wbxx_hal_rcc_ex.c...
compiling stm32wbxx_hal_pwr_ex.c...
compiling stm32wbxx_hal_cortex.c...
compiling stm32wbxx_hal_exti.c...
compiling stm32wbxx_hal_i2c_ex.c...
compiling stm32wbxx_hal.c...
compiling stm32wbxx_hal_ipcc.c...
compiling stm32wbxx_hal_rtc.c...
compiling stm32wbxx_hal_rtc_ex.c...
compiling system_stm32wbxx.c...
compiling stm32wbxx_hal_uart_ex.c...
compiling stm32wbxx_hal_tim_ex.c...
compiling tl_mbox.c...
compiling otp.c...
compiling dbg_trace.c...
compiling shci.c...
compiling stm32wbxx_hal_i2c.c...
compiling stm_list.c...
compiling stm32wbxx_hal_uart.c...
compiling stm_queue.c...
compiling stm32_lpm.c...
compiling p2p_stm.c...
compiling hci_tl.c...
compiling stm32_seq.c...
compiling stm32wbxx_hal_tim.c...
compiling svc_ctl.c...
compiling vl53l0x_api_ranging.c...
compiling vl53l0x_api_calibration.c...
compiling vl53l0x_api_strings.c...
compiling vl53l0x_platform.c...
../Drivers/VL53L0X/core/src/vl53l0x_api_core.c(1875): warning: taking the absolute value of unsigned type 'unsigned int' has no effect [-Wabsolute-value]
                xTalkCorrection  = abs(diff1_mcps/diff2_mcps);
                                   ^
../Drivers/VL53L0X/core/src/vl53l0x_api_core.c(1875): note: remove the call to 'abs' since unsigned values cannot be negative
                xTalkCorrection  = abs(diff1_mcps/diff2_mcps);
                                   ^~~
1 warning generated.
compiling vl53l0x_api_core.c...
compiling vl53l0x_api.c...
linking...
Program Size: Code=24924 RO-data=1016 RW-data=3056 ZI-data=2536  
FromELF: creating hex file...
"p2pServer-SAS\p2pServer-SAS.axf" - 0 Error(s), 1 Warning(s).

<h2>Software Packages used:</h2>

Package Vendor: ARM
                http://www.keil.com/pack/ARM.CMSIS.5.8.0.pack
                ARM.CMSIS.5.8.0
                CMSIS (Common Microcontroller Software Interface Standard)
   * Component: CORE Version: 5.5.0

Package Vendor: Keil
                http://www.keil.com/pack/Keil.STM32WBxx_DFP.1.2.0.pack
                Keil.STM32WBxx_DFP.1.2.0
                STMicroelectronics STM32WB Series Device Support

<h2>Collection of Component include folders:</h2>
  .\RTE\_p2pServer-SAS
  C:\Users\prizr\AppData\Local\Arm\Packs\ARM\CMSIS\5.8.0\CMSIS\Core\Include
  C:\Users\prizr\AppData\Local\Arm\Packs\Keil\STM32WBxx_DFP\1.2.0\Drivers\CMSIS\Device\ST\STM32WBxx\Include

<h2>Collection of Component Files used:</h2>

   * Component: ARM::CMSIS:CORE:5.5.0
      Include file:  CMSIS\Core\Include\tz_context.h
Build Time Elapsed:  00:00:06
</pre>
</body>
</html>
